error[E0277]: the trait bound `mcp_attr::schema::GetPromptResult: From<X>` is not satisfied
  --> tests/compile_fail/prompt_return_type.rs:12:26
   |
12 |     async fn f(&self) -> Result<X> {
   |                          ^^^^^^ the trait `From<X>` is not implemented for `mcp_attr::schema::GetPromptResult`
   |
   = help: the following other types implement trait `From<T>`:
             `mcp_attr::schema::GetPromptResult` implements `From<&PromptMessage>`
             `mcp_attr::schema::GetPromptResult` implements `From<&PromptMessageContent>`
             `mcp_attr::schema::GetPromptResult` implements `From<&mcp_attr::schema::EmbeddedResource>`
             `mcp_attr::schema::GetPromptResult` implements `From<&mcp_attr::schema::GetPromptResult>`
             `mcp_attr::schema::GetPromptResult` implements `From<&mcp_attr::schema::ImageContent>`
             `mcp_attr::schema::GetPromptResult` implements `From<&mcp_attr::schema::TextContent>`
             `mcp_attr::schema::GetPromptResult` implements `From<&str>`
             `mcp_attr::schema::GetPromptResult` implements `From<PromptMessage>`
           and $N others
